---
source: crates/forge_provider/src/ollama/provider.rs
expression: "normalize_ports(format!(\"{:#?}\", actual.unwrap_err()))"
---
Error {
    context: "Failed to fetch the models",
    source: Error {
        context: "503 GET http://127.0.0.1:<port>/api/tags",
        source: "{\"error\":{\"code\":503,\"message\":\"Ollama not running\"}}",
    },
}
