---
source: crates/forge_provider/src/ollama/provider.rs
expression: "serde_json::to_string_pretty(&request).unwrap()"
---
{
  "model": "llama3.2",
  "messages": [
    {
      "role": "system",
      "content": "You're an expert assistant."
    },
    {
      "role": "user",
      "content": "Hello, how are you?"
    }
  ],
  "stream": true
}
